
> bpkpad-website@0.1.0 build F:\bpkpad-tapsel
> next build

   Γû▓ Next.js 15.5.6
   - Environments: .env
   - Experiments (use with caution):
     ┬╖ optimizePackageImports

   Creating an optimized production build ...
 Γ£ô Compiled successfully in 5.6s
   Linting and checking validity of types ...

./src/app/(admin)/admin/layanan/new/page.tsx
261:37  Warning: Image elements must have an alt prop, either with meaningful text, or an empty string for decorative images.  jsx-a11y/alt-text

./src/app/(admin)/admin/layanan/page.tsx
64:8  Warning: React Hook useEffect has a missing dependency: 'fetchLayanan'. Either include it or remove the dependency array.  react-hooks/exhaustive-deps

./src/app/(admin)/admin/layanan/[id]/edit/page.tsx
49:8  Warning: React Hook useEffect has a missing dependency: 'fetchLayanan'. Either include it or remove the dependency array.  react-hooks/exhaustive-deps
318:37  Warning: Image elements must have an alt prop, either with meaningful text, or an empty string for decorative images.  jsx-a11y/alt-text

./src/app/(site)/page.tsx
184:53  Warning: Using `<img>` could result in slower LCP and higher bandwidth. Consider using `<Image />` from `next/image` or a custom image loader to automatically optimize images. This may incur additional usage or cost from your provider. See: https://nextjs.org/docs/messages/no-img-element  @next/next/no-img-element
309:41  Warning: Using `<img>` could result in slower LCP and higher bandwidth. Consider using `<Image />` from `next/image` or a custom image loader to automatically optimize images. This may incur additional usage or cost from your provider. See: https://nextjs.org/docs/messages/no-img-element  @next/next/no-img-element

./src/components/NewsCard.tsx
29:25  Warning: Using `<img>` could result in slower LCP and higher bandwidth. Consider using `<Image />` from `next/image` or a custom image loader to automatically optimize images. This may incur additional usage or cost from your provider. See: https://nextjs.org/docs/messages/no-img-element  @next/next/no-img-element

info  - Need to disable some ESLint rules? Learn more here: https://nextjs.org/docs/app/api-reference/config/eslint#disabling-rules
   Collecting page data ...
   Generating static pages (0/67) ...
   Generating static pages (16/67) 
node.exe : Error fetching layanan: [Error: Dynamic server usage: Route /layanan 
couldn't be rendered statically because it used revalidate: 0 fetch 
http://localhost:3000/api/layanan /layanan. See more info here: 
https://nextjs.org/docs/messages/dynamic-server-error] {
At C:\Users\ASUS\AppData\Roaming\npm\pnpm.ps1:24 char:5
+     & "node$exe"  "$basedir/node_modules/pnpm/bin/pnpm.cjs" $args
+     ~~~~~~~~~~~~~~~~~~~~~~~~~~~~~~~~~~~~~~~~~~~~~~~~~~~~~~~~~~~~~
    + CategoryInfo          : NotSpecified: (Error fetching ...server-error] {:Strin 
   g) [], RemoteException
    + FullyQualifiedErrorId : NativeCommandError
 
  description: "Route /layanan couldn't be rendered statically because it used 
revalidate: 0 fetch http://localhost:3000/api/layanan /layanan. See more info here: 
https://nextjs.org/docs/messages/dynamic-server-error",
  digest: 'DYNAMIC_SERVER_USAGE'
}
   Generating static pages (33/67) 
Error fetching layanan: Error [PrismaClientKnownRequestError]: 
Invalid `prisma.layanan.findMany()` invocation:


The table `public.layanan` does not exist in the current database.
    at hE.handleRequestError (F:\bpkpad-tapsel\.next\server\chunks\1242.js:114:7826)
    at hE.handleAndLogRequestError 
(F:\bpkpad-tapsel\.next\server\chunks\1242.js:114:6886)
    at hE.request (F:\bpkpad-tapsel\.next\server\chunks\1242.js:114:6593)
    at async e (F:\bpkpad-tapsel\.next\server\chunks\1242.js:126:7513)
    at async m 
(F:\bpkpad-tapsel\.next\server\app\(site)\layanan\pengaduan\page.js:1:1867)
    at async n 
(F:\bpkpad-tapsel\.next\server\app\(site)\layanan\pengaduan\page.js:1:2045) {
  code: 'P2021',
  clientVersion: '6.19.0',
  meta: [Object]
}
Error occurred prerendering page "/profil". Read more: 
https://nextjs.org/docs/messages/prerender-error
Error [PrismaClientKnownRequestError]: 
Invalid `prisma.profil_organisasi.findFirst()` invocation:


The table `public.profil_organisasi` does not exist in the current database.
    at hE.handleRequestError (F:\bpkpad-tapsel\.next\server\chunks\1242.js:114:7826)
    at hE.handleAndLogRequestError 
(F:\bpkpad-tapsel\.next\server\chunks\1242.js:114:6886)
    at hE.request (F:\bpkpad-tapsel\.next\server\chunks\1242.js:114:6593)
    at async e (F:\bpkpad-tapsel\.next\server\chunks\1242.js:126:7513)
    at async i (F:\bpkpad-tapsel\.next\server\app\(site)\profil\page.js:2:8929) {
  code: 'P2021',
  clientVersion: '6.19.0',
  meta: [Object],
  digest: '4282753391'
}
Export encountered an error on /(site)/profil/page: /profil, exiting the build.
 Γ¿» Next.js build worker exited with code: 1 and signal: null
ΓÇëELIFECYCLEΓÇë Command failed with exit code 1.
